Detected  GPUs per Node
Running NEPS with optimizer: HB, model size: 8M, seed: 0
Overwriting previous results in neps_runs/tests/short_8/results
NEPS results will be saved to neps_runs/tests/short_8/neps/short_8/seed_0
Pipeline space:
 AdamWMore 
 {'learning_rate': (1e-05, 0.1), 'weight_decay': (1e-06, 0.2), 'fidelity': (3, 12)}

Optimizer:
 neps_hyperband 
 {}

Starting NEPS run

Training using /work/dlc2workfs2/gebureka-neps_bo/LLM_task/neps_runs/tests/short_8/neps/short_8/seed_0/configs/config_1_rung_0
and config config/optsearch/workloads/8M_200BT.yaml
Fidelity: 4, LR: 0.020317142202962286, WD: 6.475956892372484e-06
Optimizer instance:
CustomOptimizer(
  Parameter group:
    lr: 0.020317142202962286
    vars: (0.1, 0.1)
    weight_decay: 6.475956892372484e-06
)
Lines:
(fixed) m = beta1 * m + (1 - beta1) * g
(fixed) v = beta2 * v + (1 - beta2) * (g * g)
(fixed) m_hat = m / (1 - beta1)
(fixed) v_hat = v / (1 - beta2)
  v1 = reciprocal(t)
  v2 = add(t, t)
  v1 = clamp({min=-1, max=1}, g)
  u1 = mul(g, t)
(fixed) w = w - lr * (m_hat / (sqrt(v_hat) + eps) + u1) * u2

NEPS run interrupted:
Error occurred while evaluating a configuration with this worker and the worker is set to stop with OnErrorPossibilities.RAISE_ANY_ERROR.

If this was a bug in the evaluation code while you were developing your pipeline and you have set ignore_errors=True, please delete your results folder and fix the error before re-running.
If this is an issue specifically with the configuration, considering setting `ignore_errors=False` to allow the worker to continue evaluating other configurations, even if this one failed.


Saving results before exiting.
No results collected.
Job completed in 0h 0m 19s
